// Jest Snapshot v1, https://goo.gl/fbAQLP

exports[`Wallet it renders properly 1`] = `undefined`;
